// Jest Snapshot v1, https://goo.gl/fbAQLP

exports[`<Topbar /> should render Topbar Correctly 1`] = `
ShallowWrapper {
  "complexSelector": ComplexSelector {
    "buildPredicate": [Function],
    "childrenOfNode": [Function],
    "findWhereUnwrapped": [Function],
  },
  "length": 1,
  "node": <div
    className="text-center"
>
    <Topbar__HershopTopbarTitle>
        HERMO
    </Topbar__HershopTopbarTitle>
    <Navigator
        handleLinkClick={[Function]}
        items={
            Array [
                Object {
                  "code": "download",
                  "iconClass": "fa fa-mobile text-white",
                  "text": "Download Mobile App",
                  "type": "external_url",
                  "url": "https://app.hermo.my/iLgE/SmWv2UnrhC",
                },
                Object {
                  "code": "Search",
                  "iconClass": "fa fa-search text-white",
                  "text": "Search",
                  "type": "dropdown",
                },
                Object {
                  "code": "notification",
                  "iconClass": "fa fa-bell text-white",
                  "text": "Notification",
                  "type": "button",
                },
                Object {
                  "code": "profile",
                  "iconClass": "fa fa-user text-white",
                  "text": "Profile",
                  "type": "dropdown",
                },
                Object {
                  "code": "cart",
                  "iconClass": "fa fa-shopping-cart text-white",
                  "text": "Cart",
                  "type": "dropdown",
                },
              ]
        }
    />
    <Topbar__LogoutBtn
        className="btn btn-secondary d-none"
        onClick={[Function]}
    >
        <FormattedMessage
            defaultMessage="Logout !"
            id="app.components.Topbar.logout"
            values={Object {}}
        />
    </Topbar__LogoutBtn>
</div>,
  "nodes": Array [
    <div
      className="text-center"
>
      <Topbar__HershopTopbarTitle>
            HERMO
      </Topbar__HershopTopbarTitle>
      <Navigator
            handleLinkClick={[Function]}
            items={
                  Array [
                        Object {
                          "code": "download",
                          "iconClass": "fa fa-mobile text-white",
                          "text": "Download Mobile App",
                          "type": "external_url",
                          "url": "https://app.hermo.my/iLgE/SmWv2UnrhC",
                        },
                        Object {
                          "code": "Search",
                          "iconClass": "fa fa-search text-white",
                          "text": "Search",
                          "type": "dropdown",
                        },
                        Object {
                          "code": "notification",
                          "iconClass": "fa fa-bell text-white",
                          "text": "Notification",
                          "type": "button",
                        },
                        Object {
                          "code": "profile",
                          "iconClass": "fa fa-user text-white",
                          "text": "Profile",
                          "type": "dropdown",
                        },
                        Object {
                          "code": "cart",
                          "iconClass": "fa fa-shopping-cart text-white",
                          "text": "Cart",
                          "type": "dropdown",
                        },
                      ]
            }
      />
      <Topbar__LogoutBtn
            className="btn btn-secondary d-none"
            onClick={[Function]}
      >
            <FormattedMessage
                  defaultMessage="Logout !"
                  id="app.components.Topbar.logout"
                  values={Object {}}
            />
      </Topbar__LogoutBtn>
</div>,
  ],
  "options": Object {},
  "renderer": ReactShallowRenderer {
    "_instance": ShallowComponentWrapper {
      "_calledComponentWillUnmount": false,
      "_compositeType": 1,
      "_context": Object {},
      "_currentElement": <Topbar
        dispatch={[Function]}
/>,
      "_debugID": 1,
      "_hostContainerInfo": null,
      "_hostParent": null,
      "_instance": Topbar {
        "_reactInternalInstance": [Circular],
        "context": Object {},
        "props": Object {
          "dispatch": [Function],
        },
        "refs": Object {},
        "state": null,
        "updater": Object {
          "enqueueCallback": [Function],
          "enqueueCallbackInternal": [Function],
          "enqueueElementInternal": [Function],
          "enqueueForceUpdate": [Function],
          "enqueueReplaceState": [Function],
          "enqueueSetState": [Function],
          "isMounted": [Function],
          "validateCallback": [Function],
        },
      },
      "_mountOrder": 1,
      "_pendingCallbacks": null,
      "_pendingElement": null,
      "_pendingForceUpdate": false,
      "_pendingReplaceState": false,
      "_pendingStateQueue": null,
      "_renderedComponent": NoopInternalComponent {
        "_currentElement": <div
          className="text-center"
>
          <Topbar__HershopTopbarTitle>
                    HERMO
          </Topbar__HershopTopbarTitle>
          <Navigator
                    handleLinkClick={[Function]}
                    items={
                              Array [
                                        Object {
                                          "code": "download",
                                          "iconClass": "fa fa-mobile text-white",
                                          "text": "Download Mobile App",
                                          "type": "external_url",
                                          "url": "https://app.hermo.my/iLgE/SmWv2UnrhC",
                                        },
                                        Object {
                                          "code": "Search",
                                          "iconClass": "fa fa-search text-white",
                                          "text": "Search",
                                          "type": "dropdown",
                                        },
                                        Object {
                                          "code": "notification",
                                          "iconClass": "fa fa-bell text-white",
                                          "text": "Notification",
                                          "type": "button",
                                        },
                                        Object {
                                          "code": "profile",
                                          "iconClass": "fa fa-user text-white",
                                          "text": "Profile",
                                          "type": "dropdown",
                                        },
                                        Object {
                                          "code": "cart",
                                          "iconClass": "fa fa-shopping-cart text-white",
                                          "text": "Cart",
                                          "type": "dropdown",
                                        },
                                      ]
                    }
          />
          <Topbar__LogoutBtn
                    className="btn btn-secondary d-none"
                    onClick={[Function]}
          >
                    <FormattedMessage
                              defaultMessage="Logout !"
                              id="app.components.Topbar.logout"
                              values={Object {}}
                    />
          </Topbar__LogoutBtn>
</div>,
        "_debugID": 2,
        "_renderedOutput": <div
          className="text-center"
>
          <Topbar__HershopTopbarTitle>
                    HERMO
          </Topbar__HershopTopbarTitle>
          <Navigator
                    handleLinkClick={[Function]}
                    items={
                              Array [
                                        Object {
                                          "code": "download",
                                          "iconClass": "fa fa-mobile text-white",
                                          "text": "Download Mobile App",
                                          "type": "external_url",
                                          "url": "https://app.hermo.my/iLgE/SmWv2UnrhC",
                                        },
                                        Object {
                                          "code": "Search",
                                          "iconClass": "fa fa-search text-white",
                                          "text": "Search",
                                          "type": "dropdown",
                                        },
                                        Object {
                                          "code": "notification",
                                          "iconClass": "fa fa-bell text-white",
                                          "text": "Notification",
                                          "type": "button",
                                        },
                                        Object {
                                          "code": "profile",
                                          "iconClass": "fa fa-user text-white",
                                          "text": "Profile",
                                          "type": "dropdown",
                                        },
                                        Object {
                                          "code": "cart",
                                          "iconClass": "fa fa-shopping-cart text-white",
                                          "text": "Cart",
                                          "type": "dropdown",
                                        },
                                      ]
                    }
          />
          <Topbar__LogoutBtn
                    className="btn btn-secondary d-none"
                    onClick={[Function]}
          >
                    <FormattedMessage
                              defaultMessage="Logout !"
                              id="app.components.Topbar.logout"
                              values={Object {}}
                    />
          </Topbar__LogoutBtn>
</div>,
      },
      "_renderedNodeType": 0,
      "_rootNodeID": 0,
      "_topLevelWrapper": null,
      "_updateBatchNumber": null,
      "_warnedAboutRefsInRender": false,
    },
    "getRenderOutput": [Function],
    "render": [Function],
  },
  "root": [Circular],
  "unrendered": <Topbar
    dispatch={[Function]}
/>,
}
`;
