// Jest Snapshot v1, https://goo.gl/fbAQLP

exports[`<Header /> should render Header Correctly 1`] = `
ShallowWrapper {
  "complexSelector": ComplexSelector {
    "buildPredicate": [Function],
    "childrenOfNode": [Function],
    "findWhereUnwrapped": [Function],
  },
  "length": 1,
  "node": <div>
    <img
        alt="logo"
        className="navbar-brand"
        src=""
    />
    <Navigator
        items={
            Array [
                Object {
                  "code": "a",
                  "text": "Item A",
                  "url": "/item-a",
                },
                Object {
                  "code": "b",
                  "text": "Item B",
                  "url": "/item-b",
                },
                Object {
                  "code": "mall",
                  "text": "Mall",
                  "url": "/mall",
                },
                Object {
                  "code": "no-url",
                  "text": "no url",
                },
              ]
        }
    />
    <Header__LogoutBtn
        className="btn btn-secondary"
        onClick={[Function]}
    >
        <FormattedMessage
            defaultMessage="Logout !"
            id="app.components.Header.logout"
            values={Object {}}
        />
    </Header__LogoutBtn>
</div>,
  "nodes": Array [
    <div>
      <img
            alt="logo"
            className="navbar-brand"
            src=""
      />
      <Navigator
            items={
                  Array [
                        Object {
                          "code": "a",
                          "text": "Item A",
                          "url": "/item-a",
                        },
                        Object {
                          "code": "b",
                          "text": "Item B",
                          "url": "/item-b",
                        },
                        Object {
                          "code": "mall",
                          "text": "Mall",
                          "url": "/mall",
                        },
                        Object {
                          "code": "no-url",
                          "text": "no url",
                        },
                      ]
            }
      />
      <Header__LogoutBtn
            className="btn btn-secondary"
            onClick={[Function]}
      >
            <FormattedMessage
                  defaultMessage="Logout !"
                  id="app.components.Header.logout"
                  values={Object {}}
            />
      </Header__LogoutBtn>
</div>,
  ],
  "options": Object {},
  "renderer": ReactShallowRenderer {
    "_instance": ShallowComponentWrapper {
      "_calledComponentWillUnmount": false,
      "_compositeType": 1,
      "_context": Object {},
      "_currentElement": <Header
        dispatch={[Function]}
/>,
      "_debugID": 1,
      "_hostContainerInfo": null,
      "_hostParent": null,
      "_instance": Header {
        "_reactInternalInstance": [Circular],
        "context": Object {},
        "props": Object {
          "dispatch": [Function],
        },
        "refs": Object {},
        "state": null,
        "updater": Object {
          "enqueueCallback": [Function],
          "enqueueCallbackInternal": [Function],
          "enqueueElementInternal": [Function],
          "enqueueForceUpdate": [Function],
          "enqueueReplaceState": [Function],
          "enqueueSetState": [Function],
          "isMounted": [Function],
          "validateCallback": [Function],
        },
      },
      "_mountOrder": 1,
      "_pendingCallbacks": null,
      "_pendingElement": null,
      "_pendingForceUpdate": false,
      "_pendingReplaceState": false,
      "_pendingStateQueue": null,
      "_renderedComponent": NoopInternalComponent {
        "_currentElement": <div>
          <img
                    alt="logo"
                    className="navbar-brand"
                    src=""
          />
          <Navigator
                    items={
                              Array [
                                        Object {
                                          "code": "a",
                                          "text": "Item A",
                                          "url": "/item-a",
                                        },
                                        Object {
                                          "code": "b",
                                          "text": "Item B",
                                          "url": "/item-b",
                                        },
                                        Object {
                                          "code": "mall",
                                          "text": "Mall",
                                          "url": "/mall",
                                        },
                                        Object {
                                          "code": "no-url",
                                          "text": "no url",
                                        },
                                      ]
                    }
          />
          <Header__LogoutBtn
                    className="btn btn-secondary"
                    onClick={[Function]}
          >
                    <FormattedMessage
                              defaultMessage="Logout !"
                              id="app.components.Header.logout"
                              values={Object {}}
                    />
          </Header__LogoutBtn>
</div>,
        "_debugID": 2,
        "_renderedOutput": <div>
          <img
                    alt="logo"
                    className="navbar-brand"
                    src=""
          />
          <Navigator
                    items={
                              Array [
                                        Object {
                                          "code": "a",
                                          "text": "Item A",
                                          "url": "/item-a",
                                        },
                                        Object {
                                          "code": "b",
                                          "text": "Item B",
                                          "url": "/item-b",
                                        },
                                        Object {
                                          "code": "mall",
                                          "text": "Mall",
                                          "url": "/mall",
                                        },
                                        Object {
                                          "code": "no-url",
                                          "text": "no url",
                                        },
                                      ]
                    }
          />
          <Header__LogoutBtn
                    className="btn btn-secondary"
                    onClick={[Function]}
          >
                    <FormattedMessage
                              defaultMessage="Logout !"
                              id="app.components.Header.logout"
                              values={Object {}}
                    />
          </Header__LogoutBtn>
</div>,
      },
      "_renderedNodeType": 0,
      "_rootNodeID": 0,
      "_topLevelWrapper": null,
      "_updateBatchNumber": null,
      "_warnedAboutRefsInRender": false,
    },
    "getRenderOutput": [Function],
    "render": [Function],
  },
  "root": [Circular],
  "unrendered": <Header
    dispatch={[Function]}
/>,
}
`;
